  ADDR B1 B2 B3 B4 C:\GitHub\University\ASSEMBLER\Lab_2\dfafafadfa. PAGE       1

                   ;************************************************************
.                  *
                   ; ???????????? ??????: ?????????? ?????????? SWI
                   ; ??????: ??????? ???????? ????? > 0 ? ????????? $8200$8220
                   ;
                   ; ????????:
                   ;   1. ?????????? ???????? ?????? ? $8200$8220
                   ;   2. ????????????? ?????? SWI ? ????? ???????????
                   ;   3. ???????? SWI
                   ;   4. ?????????? ?????????? ?????? $8200$8220,
                   ;      ??????? ???????? ????? > 0
                   ;   5. ?????????  ? ???????? B (? ??????????? ?? $8300)
                   ;
                   ; ???????? ?????? ???????????:
                   ;   X   ????????? ?? ??????? ??????
                   ;   A   ??????? ???? ?? ??????
                   ;   B   ??????? ???????? ????? > 0
                   ;************************************************************
.                  *

                           org     $8000           ; ????????? ???????? ? $8000

                   ;--- ??? 1: ????????? ??????? SWI ---------------------------
.                  -
                   ; ?????? SWI ? ?????????? ?????? ????????? ?? $FFF6$FFF7.
                   ; THRSim11 ?????????? ?????? $00F4$00F6 (?????????? ???),
                   ; ???? ?????????? JMP ?? ??? ??????????.

                           org     $00f4
  00F4 7E 80 8A            jmp     handler         ; ??????? ?? ?????????? SWI

                   ;--- ??? 2: ???????? ????????? ------------------------------

                           org     $8000

                   main:
                           ; ????????? ???????? ?????? ? ????????? $8200$8220
                           ; ?????????? ??????????: ??????, ????????, ????
  8000 CE 82 00            ldx     #$8200

  8003 86 00               ldaa    #$00            ; 0  ? ?? ??????? (?? > 0)
  8005 A7 00               staa    0,x
  8007 86 01               ldaa    #$01            ; 1  ? ???????? > 0 ?
  8009 A7 01               staa    1,x
  800B 86 02               ldaa    #$02            ; 2  ? ??????
  800D A7 02               staa    2,x
  800F 86 03               ldaa    #$03            ; 3  ? ???????? > 0 ?
  8011 A7 03               staa    3,x
  8013 86 FF               ldaa    #$ff            ; 255 ? ???????? > 0 ?
  8015 A7 04               staa    4,x
  8017 86 04               ldaa    #$04            ; 4  ? ??????
  8019 A7 05               staa    5,x
  801B 86 07               ldaa    #$07            ; 7  ? ???????? > 0 ?
  801D A7 06               staa    6,x
  801F 86 08               ldaa    #$08            ; 8  ? ??????
  8021 A7 07               staa    7,x
  8023 86 09               ldaa    #$09            ; 9  ? ???????? > 0 ?
  8025 A7 08               staa    8,x
  8027 86 00               ldaa    #$00            ; 0  ? ?? ???????
  8029 A7 09               staa    9,x
  802B 86 0B               ldaa    #$0b            ; 11 ? ???????? > 0 ?
  802D A7 0A               staa    10,x
  802F 86 0C               ldaa    #$0c            ; 12 ? ??????
  8031 A7 0B               staa    11,x
  8033 86 0D               ldaa    #$0d            ; 13 ? ???????? > 0 ?
  ADDR B1 B2 B3 B4 C:\GitHub\University\ASSEMBLER\Lab_2\dfafafadfa. PAGE       2

  8035 A7 0C               staa    12,x
  8037 86 0E               ldaa    #$0e            ; 14 ? ??????
  8039 A7 0D               staa    13,x
  803B 86 0F               ldaa    #$0f            ; 15 ? ???????? > 0 ?
  803D A7 0E               staa    14,x
  803F 86 10               ldaa    #$10            ; 16 ? ??????
  8041 A7 0F               staa    15,x
  8043 86 11               ldaa    #$11            ; 17 ? ???????? > 0 ?
  8045 A7 10               staa    16,x
  8047 86 00               ldaa    #$00            ; 0  ? ?? ???????
  8049 A7 11               staa    17,x
  804B 86 13               ldaa    #$13            ; 19 ? ???????? > 0 ?
  804D A7 12               staa    18,x
  804F 86 14               ldaa    #$14            ; 20 ? ??????
  8051 A7 13               staa    19,x
  8053 86 15               ldaa    #$15            ; 21 ? ???????? > 0 ?
  8055 A7 14               staa    20,x
  8057 86 16               ldaa    #$16            ; 22 ? ??????
  8059 A7 15               staa    21,x
  805B 86 17               ldaa    #$17            ; 23 ? ???????? > 0 ?
  805D A7 16               staa    22,x
  805F 86 18               ldaa    #$18            ; 24 ? ??????
  8061 A7 17               staa    23,x
  8063 86 19               ldaa    #$19            ; 25 ? ???????? > 0 ?
  8065 A7 18               staa    24,x
  8067 86 1A               ldaa    #$1a            ; 26 ? ??????
  8069 A7 19               staa    25,x
  806B 86 1B               ldaa    #$1b            ; 27 ? ???????? > 0 ?
  806D A7 1A               staa    26,x
  806F 86 1C               ldaa    #$1c            ; 28 ? ??????
  8071 A7 1B               staa    27,x
  8073 86 1D               ldaa    #$1d            ; 29 ? ???????? > 0 ?
  8075 A7 1C               staa    28,x
  8077 86 1E               ldaa    #$1e            ; 30 ? ??????
  8079 A7 1D               staa    29,x
  807B 86 1F               ldaa    #$1f            ; 31 ? ???????? > 0 ?
  807D A7 1E               staa    30,x
  807F 86 20               ldaa    #$20            ; 32 ? ??????
  8081 A7 1F               staa    31,x
  8083 86 21               ldaa    #$21            ; 33 ? ???????? > 0 ?
  8085 A7 20               staa    32,x

                           ; ????? ???????????? ??????????  ?????????? ??????
                           ; ? ?????????? handler
  8087 3F                  swi

                           ; ????? RTI ?????????? ???????????? ?????
  8088 20 FE       done:   bra     done            ; ??????????? ???? (????)

                   ;************************************************************
.                  *
                   ; ?????????? ?????????? SWI
                   ;
                   ; ????:  ?????? $8200$8220 ????????? ???????
                   ; ?????: B  = ?????????? ???????? ????? > 0
                   ;        $8300 = ?? ?? ???????? (??? ????????? ? ??????)
                   ;
                   ; ???????????? ????????: A, B, X
                   ; ??? ???????? ????????? ???????? SWI ?????????????,
                   ; ????????????????? ???????? RTI.
                   ;************************************************************
.                  *

                   handler:
  808A CE 82 00            ldx     #$8200          ; X ? ?????? ?????????
  ADDR B1 B2 B3 B4 C:\GitHub\University\ASSEMBLER\Lab_2\dfafafadfa. PAGE       3

  808D 5F                  clrb                    ; B = 0 (???????)

                   loop:
  808E A6 00               ldaa    0,x             ; A = ??????? ????

                           ; --- ???????? 1: ????? ?????? ???? > 0 -------------
  8090 27 05               beq     next            ; ???? A == 0, ??????????

                           ; --- ???????? 2: ????? ?????? ???? ???????? --------
                           ; ???????? ????? ????? ??? 0 = 1.
                           ; ????????? ????? AND #$01, ????????? ? A.
                           ; ???? ??? 0 = 0 ? ?????? ? ??????????.
  8092 85 01               bita    #$01            ; ???????? ???? 0 (?? ??????
.                  A)
  8094 27 01               beq     next            ; ??? 0 = 0 ? ?????? ?
.                  ??????????

                           ; --- ??? ??????? ?????????: ??????? ----------------
  8096 5C                  incb                    ; B = B + 1

                   next:
  8097 08                  inx                     ; X = X + 1 (?????????
.                  ??????)
  8098 8C 82 21            cpx     #$8221          ; ?????????: X == $8221?
                                                   ; ($8221  ?????? ????? ??
.                  ??????????)
  809B 26 F1               bne     loop            ; ??? ? ?????????? ????

                           ; --- ????????? ????????? ? ?????? ($8300) ----------
  809D F7 83 00            stab    $8300           ; ?????? ???????? ?? ??????
.                  $8300

  80A0 3B                  rti                     ; ??????? ?? ??????????
                                                   ; (??????????????? ???
.                  ???????? ?? ?????)

  Symbol Table 

  HANDLER            808A
  DONE               8088
  MAIN               8000
  LOOP               808E
  NEXT               8097
